# Licensed to the Apache Software Foundation (ASF) under one or more
# contributor license agreements.  See the NOTICE file distributed with
# this work for additional information regarding copyright ownership.
# The ASF licenses this file to You under the Apache License, Version 2.0
# (the "License"); you may not use this file except in compliance with
# the License.  You may obtain a copy of the License at
#
#     http://www.apache.org/licenses/LICENSE-2.0
#
# Unless required by applicable law or agreed to in writing, software
# distributed under the License is distributed on an "AS IS" BASIS,
# WITHOUT WARRANTIES OR CONDITIONS OF ANY KIND, either express or implied.
# See the License for the specific language governing permissions and
# limitations under the License.

debuggingtrace: null
retrievedtimerange:
  {{- with .retrievedtimerange }}
  starttime: {{ gt .starttime 0 }}
  endtime: {{ gt .endtime 0 }}
  {{- end }}
traces:
  {{- contains .traces }}
  - spans:
  {{- contains .spans }}
    - traceid: {{ notEmpty .traceid }}
      segmentid: {{ notEmpty .segmentid }}
      spanid: 0
      parentspanid: -1
      refs: []
      servicecode: test-ui<browser>
      serviceinstancename: "v1.0.0"
      starttime: {{ gt .starttime 0 }}
      endtime: {{ gt .endtime 0 }}
      endpointname: index.html
      type: Exit
      peer: provider:9091
      component: ajax
      iserror: false
      layer: Http
      tags:
        - key: http.method
          value: POST
        - key: url
          value: http://provider:9091/info
      logs: []
      attachedevents: []
    - traceid: {{ notEmpty .traceid }}
      segmentid: {{ notEmpty .segmentid }}
      spanid: 0
      parentspanid: -1
      refs:
        {{- contains .refs }}
        - traceid: {{ notEmpty .traceid }}
          parentsegmentid: {{ notEmpty .parentsegmentid }}
          parentspanid: 0
          type: CROSS_PROCESS
        {{- end }}
      servicecode: provider-py
      serviceinstancename: {{ notEmpty .serviceinstancename }}
      starttime: {{ gt .starttime 0 }}
      endtime: {{ gt .endtime 0 }}
      endpointname: /info
      type: Entry
      peer: {{ notEmpty .peer  }}
      component: Python
      iserror: false
      layer: Http
      tags:
        - key: http.method
          value: POST
        - key: http.url
          value: http://provider:9091/info
        - key: http.status.code
          value: "200"
      logs: []
      attachedevents: []
      {{- end }}
{{- end }}
