# Licensed to the Apache Software Foundation (ASF) under one or more
# contributor license agreements.  See the NOTICE file distributed with
# this work for additional information regarding copyright ownership.
# The ASF licenses this file to You under the Apache License, Version 2.0
# (the "License"); you may not use this file except in compliance with
# the License.  You may obtain a copy of the License at
#
#     http://www.apache.org/licenses/LICENSE-2.0
#
# Unless required by applicable law or agreed to in writing, software
# distributed under the License is distributed on an "AS IS" BASIS,
# WITHOUT WARRANTIES OR CONDITIONS OF ANY KIND, either express or implied.
# See the License for the specific language governing permissions and
# limitations under the License.

debuggingtrace: null
nodes:
{{- contains .nodes }}
- id: {{ b64enc "User"}}.0
  name: User
  type: USER
  isreal: false
  layers:
    - UNDEFINED
- id: {{ b64enc "mock_a_service"}}.1
  name: mock_a_service
  type: Tomcat
  isreal: true
  layers:
    - GENERAL
- id: {{ b64enc "mock_b_service"}}.1
  name: mock_b_service
  type: Dubbo
  isreal: true
  layers:
    - GENERAL
{{- end }}
calls:
{{- contains .calls }}
- source: {{ b64enc "mock_a_service"}}.1
  sourcecomponents:
    - Dubbo
  target: {{ b64enc "mock_b_service"}}.1
  targetcomponents:
    - Dubbo
  id: {{ b64enc "mock_a_service"}}.1-{{ b64enc "mock_b_service"}}.1
  detectpoints:
    - CLIENT
    - SERVER
- source: {{ b64enc "User" }}.0
  sourcecomponents: []
  target: {{ b64enc "mock_a_service"}}.1
  targetcomponents:
    - Tomcat
  id: {{ b64enc "User" }}.0-{{ b64enc "mock_a_service"}}.1
  detectpoints:
    - SERVER
{{- end }}
