# Licensed to the Apache Software Foundation (ASF) under one or more
# contributor license agreements.  See the NOTICE file distributed with
# this work for additional information regarding copyright ownership.
# The ASF licenses this file to You under the Apache License, Version 2.0
# (the "License"); you may not use this file except in compliance with
# the License.  You may obtain a copy of the License at
#
#     http://www.apache.org/licenses/LICENSE-2.0
#
# Unless required by applicable law or agreed to in writing, software
# distributed under the License is distributed on an "AS IS" BASIS,
# WITHOUT WARRANTIES OR CONDITIONS OF ANY KIND, either express or implied.
# See the License for the specific language governing permissions and
# limitations under the License.

debuggingtrace: null
nodes:
{{- contains .nodes }}
- id: {{ b64enc "e2e-service-provider"}}.1
  name: e2e-service-provider
  type: Tomcat
  isreal: true
  layers:
    - GENERAL
- id: {{ b64enc "e2e-service-consumer"}}.1
  name: e2e-service-consumer
  type: Tomcat
  isreal: true
  layers:
    - GENERAL
- id: {{ b64enc "go-service" }}.1
  name: go-service
  type: Gin
  isreal: true
  layers:
    - GENERAL
    - SO11Y_GO_AGENT
{{- end }}
calls:
{{- contains .calls }}
- source: {{ b64enc "e2e-service-consumer"}}.1
  sourcecomponents:
    - SpringRestTemplate
  target: {{ b64enc "go-service"}}.1
  targetcomponents:
    - Gin
  id: {{ b64enc "e2e-service-consumer"}}.1-{{ b64enc "go-service"}}.1
  detectpoints:
    - CLIENT
    - SERVER
- source: {{ b64enc "go-service" }}.1
  sourcecomponents:
    - GoHttpClient
  target: {{ b64enc "e2e-service-provider"}}.1
  targetcomponents:
    - Tomcat
  id: {{ b64enc "go-service" }}.1-{{ b64enc "e2e-service-provider"}}.1
  detectpoints:
    - CLIENT
    - SERVER
{{- end }}
