# Licensed to the Apache Software Foundation (ASF) under one or more
# contributor license agreements.  See the NOTICE file distributed with
# this work for additional information regarding copyright ownership.
# The ASF licenses this file to You under the Apache License, Version 2.0
# (the "License"); you may not use this file except in compliance with
# the License.  You may obtain a copy of the License at
#
#     http://www.apache.org/licenses/LICENSE-2.0
#
# Unless required by applicable law or agreed to in writing, software
# distributed under the License is distributed on an "AS IS" BASIS,
# WITHOUT WARRANTIES OR CONDITIONS OF ANY KIND, either express or implied.
# See the License for the specific language governing permissions and
# limitations under the License.

{{- contains . }}
- id: {{ b64enc "localhost:-1" }}.0
  name: localhost:-1
  group: ""
  shortname: localhost:-1
  normal: false
  layers:
    - VIRTUAL_DATABASE

- id: {{ b64enc "e2e-service-consumer" }}.1
  name: e2e-service-consumer
  group: ""
  shortname: e2e-service-consumer
  normal: true
  layers:
    - GENERAL

- id: {{ b64enc "e2e-service-provider" }}.1
  name: e2e-service-provider
  group: ""
  shortname: e2e-service-provider
  normal: true
  layers:
    - GENERAL

- id: {{ b64enc "go-service" }}.1
  name: go-service
  group: ""
  shortname: go-service
  normal: true
  layers:
    - GENERAL
    - SO11Y_GO_AGENT
{{- end }}
