# Licensed to the Apache Software Foundation (ASF) under one or more
# contributor license agreements.  See the NOTICE file distributed with
# this work for additional information regarding copyright ownership.
# The ASF licenses this file to You under the Apache License, Version 2.0
# (the "License"); you may not use this file except in compliance with
# the License.  You may obtain a copy of the License at
#
#     http://www.apache.org/licenses/LICENSE-2.0
#
# Unless required by applicable law or agreed to in writing, software
# distributed under the License is distributed on an "AS IS" BASIS,
# WITHOUT WARRANTIES OR CONDITIONS OF ANY KIND, either express or implied.
# See the License for the specific language governing permissions and
# limitations under the License.

{{- contains . }}
- id: {{ b64enc "details.default" }}.1
  name: details.default
  group: ""
  shortname: details.default
  layers:
    - MESH
    - K8S_SERVICE
  normal: true
- id: {{ b64enc "e2e::simple-http-waypoint" }}.1
  name: e2e::simple-http-waypoint
  group: "e2e"
  shortname: simple-http-waypoint
  layers:
    - MESH
  normal: true
- id: {{ b64enc "reviews.default" }}.1
  name: reviews.default
  group: ""
  shortname: reviews.default
  layers:
    - MESH
    - K8S_SERVICE
  normal: true
- id: {{ b64enc "ratings.default" }}.1
  name: ratings.default
  group: ""
  shortname: ratings.default
  layers:
    - MESH
    - K8S_SERVICE
  normal: true
- id: {{ b64enc "productpage.default" }}.1
  name: productpage.default
  group: ""
  shortname: productpage.default
  layers:
    - MESH
    - K8S_SERVICE
  normal: true
- id: {{ b64enc "mongodb.default" }}.1
  name: mongodb.default
  group: ""
  shortname: mongodb.default
  layers:
    - MESH
    - K8S_SERVICE
  normal: true
{{- end }}
