# Licensed to the Apache Software Foundation (ASF) under one or more
# contributor license agreements.  See the NOTICE file distributed with
# this work for additional information regarding copyright ownership.
# The ASF licenses this file to You under the Apache License, Version 2.0
# (the "License"); you may not use this file except in compliance with
# the License.  You may obtain a copy of the License at
#
#     http://www.apache.org/licenses/LICENSE-2.0
#
# Unless required by applicable law or agreed to in writing, software
# distributed under the License is distributed on an "AS IS" BASIS,
# WITHOUT WARRANTIES OR CONDITIONS OF ANY KIND, either express or implied.
# See the License for the specific language governing permissions and
# limitations under the License.


messages:
  {{- contains .messages }}
  - scopeId: 1
    scope: SERVICE
    name: e2e-service-provider
    id0: ZTJlLXNlcnZpY2UtcHJvdmlkZXI=.1
    id1: ""
    ruleName: service_percentile_rule
    alarmMessage: Percentile response time of service e2e-service-provider alarm in 3 minutes of last 10 minutes, due to more than one condition of p50 > 100, p75 > 100, p90 > 100, p95 > 100, p99 > 100.
    startTime: {{ gt .startTime 0 }}
    recoveryTime: {{ gt .recoveryTime 0 }}
    tags:
      - key: level
        value: WARNING
      - key: receivers
        value: lisi
  {{- end }}
