# Licensed to the Apache Software Foundation (ASF) under one or more
# contributor license agreements.  See the NOTICE file distributed with
# this work for additional information regarding copyright ownership.
# The ASF licenses this file to You under the Apache License, Version 2.0
# (the "License"); you may not use this file except in compliance with
# the License.  You may obtain a copy of the License at
#
#     http://www.apache.org/licenses/LICENSE-2.0
#
# Unless required by applicable law or agreed to in writing, software
# distributed under the License is distributed on an "AS IS" BASIS,
# WITHOUT WARRANTIES OR CONDITIONS OF ANY KIND, either express or implied.
# See the License for the specific language governing permissions and
# limitations under the License.

events:
  {{- contains .events }}
  - uuid: efghi
    source:
      service: e2e-service
      serviceinstance: e2e-service-instance
      endpoint: /e2e-endpoint
    name: Upgrade
    type: Normal
    message: Upgrade from {fromVersion} to {toVersion}
    parameters:
      {{- contains .parameters }}
      - key: fromVersion
        value: v1
      - key: toVersion
        value: v2
      {{- end }}
    starttime: {{ gt .starttime 0 }}
    endtime: {{ gt .endtime 0 }}
    layer: GENERAL
  - uuid: abcde
    source:
      service: e2e-service
      serviceinstance: e2e-service-instance
      endpoint: /e2e-endpoint
    name: Upgrade
    type: Normal
    message: Upgrade from {fromVersion} to {toVersion}
    parameters:
      {{- contains .parameters }}
      - key: fromVersion
        value: v1
      - key: toVersion
        value: v2
      {{- end }}
    starttime: {{ gt .starttime 0 }}
    endtime: {{ gt .endtime 0 }}
    layer: GENERAL
  {{- end }}

