# Licensed to the Apache Software Foundation (ASF) under one or more
# contributor license agreements.  See the NOTICE file distributed with
# this work for additional information regarding copyright ownership.
# The ASF licenses this file to You under the Apache License, Version 2.0
# (the "License"); you may not use this file except in compliance with
# the License.  You may obtain a copy of the License at
#
#     http://www.apache.org/licenses/LICENSE-2.0
#
# Unless required by applicable law or agreed to in writing, software
# distributed under the License is distributed on an "AS IS" BASIS,
# WITHOUT WARRANTIES OR CONDITIONS OF ANY KIND, either express or implied.
# See the License for the specific language governing permissions and
# limitations under the License.

msgs:
  {{- contains .msgs }}
  - starttime: {{ gt .starttime 0 }}
    scope: Service
    id: ZTJlLXRlc3QtZGVzdC1zZXJ2aWNl.1
    name: e2e-test-dest-service
    message: Response time of service e2e-test-dest-service is more than baseline in 1 minutes of last 10 minutes.
    tags:
      - key: level
        value: CRITICAL
      - key: receivers
        value: zhangsan
    events:
      {{- contains .events }}
      - uuid: {{ notEmpty .uuid }}
        source:
          service: e2e-test-dest-service
          serviceinstance: ""
          endpoint: ""
        name: Alarm
        type: ""
        message: {{ notEmpty .message }}
        parameters: []
        starttime: {{ gt .starttime 0 }}
        endtime: {{ gt .endtime 0 }}
        layer: {{ notEmpty .layer }}
      {{- end }}
    snapshot:
      expression: sum(service_resp_time > baseline(service_resp_time,lower)) >= 1
      metrics:
      {{- contains .snapshot.metrics }}
      - name: service_resp_time
        results:
        {{- contains .results }}
        - metric:
            labels: []
          values:
          {{- contains .values }}
          - id: {{ notEmpty .id }}
            owner: null
            value: {{ .value }}
            traceid: null
          {{- end }}
        {{- end }}
      - name: baseline(service_resp_time,lower)
        results:
        {{- contains .results }}
        - metric:
            labels: []
          values:
          {{- contains .values }}
          - id: {{ notEmpty .id }}
            owner: null
            value: "1999"
            traceid: null
          {{- end }}
        {{- end }}
      {{- end }}
  {{- end }}
